// Jest Snapshot v1, https://goo.gl/fbAQLP

exports[`Analysis Plugin renders without data 1`] = `
<div>
  <div
    class="analysis"
  >
    <div
      class="analysisTools"
    >
      <div
        class="ant-select select-analysis ant-select-multiple ant-select-show-search"
        style="width: 100%;"
      >
        <div
          class="ant-select-selector"
        >
          <div
            class="ant-select-selection-overflow"
          >
            <div
              class="ant-select-selection-overflow-item ant-select-selection-overflow-item-suffix"
              style="opacity: 1;"
            >
              <div
                class="ant-select-selection-search"
                style="width: 0px;"
              >
                <input
                  aria-activedescendant="undefined_list_0"
                  aria-autocomplete="list"
                  aria-controls="undefined_list"
                  aria-haspopup="listbox"
                  aria-owns="undefined_list"
                  autocomplete="off"
                  class="ant-select-selection-search-input"
                  readonly=""
                  role="combobox"
                  style="opacity: 0;"
                  type="search"
                  unselectable="on"
                  value=""
                />
                <span
                  aria-hidden="true"
                  class="ant-select-selection-search-mirror"
                >
                  
                  Â 
                </span>
              </div>
            </div>
          </div>
          <span
            class="ant-select-selection-placeholder"
          >
            Select Analysis
          </span>
        </div>
      </div>
      <button
        aria-label="Add Analysis Report"
        class="ant-btn ant-btn-primary ant-btn-circle ant-btn-icon-only"
        title="Add Analysis Report"
        type="button"
      >
        <span
          aria-label="plus"
          class="anticon anticon-plus"
          role="img"
        >
          <svg
            aria-hidden="true"
            data-icon="plus"
            fill="currentColor"
            focusable="false"
            height="1em"
            viewBox="64 64 896 896"
            width="1em"
          >
            <defs>
              <style />
            </defs>
            <path
              d="M482 152h60q8 0 8 8v704q0 8-8 8h-60q-8 0-8-8V160q0-8 8-8z"
            />
            <path
              d="M176 474h672q8 0 8 8v60q0 8-8 8H176q-8 0-8-8v-60q0-8 8-8z"
            />
          </svg>
        </span>
      </button>
    </div>
    <div
      aria-label="Increase/Decrease image thumnbail size"
      class="zoom-control"
    >
      <span
        aria-label="zoom-out"
        class="anticon anticon-zoom-out"
        role="img"
        title="Reduce thumbnail size"
      >
        <svg
          aria-hidden="true"
          data-icon="zoom-out"
          fill="currentColor"
          focusable="false"
          height="1em"
          viewBox="64 64 896 896"
          width="1em"
        >
          <path
            d="M637 443H325c-4.4 0-8 3.6-8 8v60c0 4.4 3.6 8 8 8h312c4.4 0 8-3.6 8-8v-60c0-4.4-3.6-8-8-8zm284 424L775 721c122.1-148.9 113.6-369.5-26-509-148-148.1-388.4-148.1-537 0-148.1 148.6-148.1 389 0 537 139.5 139.6 360.1 148.1 509 26l146 146c3.2 2.8 8.3 2.8 11 0l43-43c2.8-2.7 2.8-7.8 0-11zM696 696c-118.8 118.7-311.2 118.7-430 0-118.7-118.8-118.7-311.2 0-430 118.8-118.7 311.2-118.7 430 0 118.7 118.8 118.7 311.2 0 430z"
          />
        </svg>
      </span>
      <div
        class="ant-slider slider-scale"
      >
        <div
          class="ant-slider-rail"
        />
        <div
          class="ant-slider-step"
        />
        <div
          aria-disabled="false"
          aria-valuemax="100"
          aria-valuemin="0"
          aria-valuenow="50"
          class="ant-slider-handle"
          role="slider"
          style="left: 50%; transform: translateX(-50%);"
          tabindex="0"
        />
        <div
          class="ant-slider-mark"
        />
      </div>
      <span
        aria-label="zoom-in"
        class="anticon anticon-zoom-in"
        role="img"
        title="Increase thumbnail size"
      >
        <svg
          aria-hidden="true"
          data-icon="zoom-in"
          fill="currentColor"
          focusable="false"
          height="1em"
          viewBox="64 64 896 896"
          width="1em"
        >
          <path
            d="M637 443H519V309c0-4.4-3.6-8-8-8h-60c-4.4 0-8 3.6-8 8v134H325c-4.4 0-8 3.6-8 8v60c0 4.4 3.6 8 8 8h118v134c0 4.4 3.6 8 8 8h60c4.4 0 8-3.6 8-8V519h118c4.4 0 8-3.6 8-8v-60c0-4.4-3.6-8-8-8zm284 424L775 721c122.1-148.9 113.6-369.5-26-509-148-148.1-388.4-148.1-537 0-148.1 148.6-148.1 389 0 537 139.5 139.6 360.1 148.1 509 26l146 146c3.2 2.8 8.3 2.8 11 0l43-43c2.8-2.7 2.8-7.8 0-11zM696 696c-118.8 118.7-311.2 118.7-430 0-118.7-118.8-118.7-311.2 0-430 118.8-118.7 311.2-118.7 430 0 118.7 118.8 118.7 311.2 0 430z"
          />
        </svg>
      </span>
    </div>
  </div>
</div>
`;
