// Jest Snapshot v1, https://goo.gl/fbAQLP

exports[`VideoPluginContainer fails to render when json does not match schema 1`] = `
<div>
  <div
    class="ant-collapse ant-collapse-icon-position-left"
  >
    <div
      class="ant-collapse-item"
    >
      <div
        aria-expanded="false"
        class="ant-collapse-header"
        role="button"
        tabindex="0"
      >
        <span
          aria-label="right"
          class="anticon anticon-right ant-collapse-arrow"
          role="img"
        >
          <svg
            aria-hidden="true"
            data-icon="right"
            fill="currentColor"
            focusable="false"
            height="1em"
            viewBox="64 64 896 896"
            width="1em"
          >
            <path
              d="M765.7 486.8L314.9 134.7A7.97 7.97 0 00302 141v77.3c0 4.9 2.3 9.6 6.1 12.6l360 281.1-360 281.1c-3.9 3-6.1 7.7-6.1 12.6V883c0 6.7 7.7 10.4 12.9 6.3l450.8-352.1a31.96 31.96 0 000-50.4z"
            />
          </svg>
        </span>
        Video
      </div>
      <div
        class="ant-collapse-content ant-collapse-content-inactive"
        style="display: none;"
      >
        <div
          class="ant-collapse-content-box"
        >
          <div
            class="ant-list ant-list-split"
          >
            <div
              class="ant-spin-nested-loading"
            >
              <div
                class="ant-spin-container"
              >
                <div
                  class="ant-list-empty-text"
                >
                  <div
                    class="ant-empty ant-empty-normal"
                  >
                    <div
                      class="ant-empty-image"
                    >
                      <svg
                        class="ant-empty-img-simple"
                        height="41"
                        viewBox="0 0 64 41"
                        width="64"
                        xmlns="http://www.w3.org/2000/svg"
                      >
                        <g
                          fill="none"
                          fill-rule="evenodd"
                          transform="translate(0 1)"
                        >
                          <ellipse
                            class="ant-empty-img-simple-ellipse"
                            cx="32"
                            cy="33"
                            rx="32"
                            ry="7"
                          />
                          <g
                            class="ant-empty-img-simple-g"
                            fill-rule="nonzero"
                          >
                            <path
                              d="M55 12.76L44.854 1.258C44.367.474 43.656 0 42.907 0H21.093c-.749 0-1.46.474-1.947 1.257L9 12.761V22h46v-9.24z"
                            />
                            <path
                              class="ant-empty-img-simple-path"
                              d="M41.613 15.931c0-1.605.994-2.93 2.227-2.931H55v18.137C55 33.26 53.68 35 52.05 35h-40.1C10.32 35 9 33.259 9 31.137V13h11.16c1.233 0 2.227 1.323 2.227 2.928v.022c0 1.605 1.005 2.901 2.237 2.901h14.752c1.232 0 2.237-1.308 2.237-2.913v-.007z"
                            />
                          </g>
                        </g>
                      </svg>
                    </div>
                    <div
                      class="ant-empty-description"
                    >
                      No Data
                    </div>
                  </div>
                </div>
              </div>
            </div>
          </div>
        </div>
      </div>
    </div>
  </div>
</div>
`;

exports[`VideoPluginContainer renders with well formatted data 1`] = `
<div>
  <div
    class="ant-collapse ant-collapse-icon-position-left"
  >
    <div
      class="ant-collapse-item"
    >
      <div
        aria-expanded="false"
        class="ant-collapse-header"
        role="button"
        tabindex="0"
      >
        <span
          aria-label="right"
          class="anticon anticon-right ant-collapse-arrow"
          role="img"
        >
          <svg
            aria-hidden="true"
            data-icon="right"
            fill="currentColor"
            focusable="false"
            height="1em"
            viewBox="64 64 896 896"
            width="1em"
          >
            <path
              d="M765.7 486.8L314.9 134.7A7.97 7.97 0 00302 141v77.3c0 4.9 2.3 9.6 6.1 12.6l360 281.1-360 281.1c-3.9 3-6.1 7.7-6.1 12.6V883c0 6.7 7.7 10.4 12.9 6.3l450.8-352.1a31.96 31.96 0 000-50.4z"
            />
          </svg>
        </span>
        Video
      </div>
      <div
        class="ant-collapse-content ant-collapse-content-inactive"
        style="display: none;"
      >
        <div
          class="ant-collapse-content-box"
        >
          <div
            class="ant-list ant-list-split"
          >
            <div
              class="ant-spin-nested-loading"
            >
              <div
                class="ant-spin-container"
              >
                <div
                  class="ant-list-empty-text"
                >
                  <div
                    class="ant-empty ant-empty-normal"
                  >
                    <div
                      class="ant-empty-image"
                    >
                      <svg
                        class="ant-empty-img-simple"
                        height="41"
                        viewBox="0 0 64 41"
                        width="64"
                        xmlns="http://www.w3.org/2000/svg"
                      >
                        <g
                          fill="none"
                          fill-rule="evenodd"
                          transform="translate(0 1)"
                        >
                          <ellipse
                            class="ant-empty-img-simple-ellipse"
                            cx="32"
                            cy="33"
                            rx="32"
                            ry="7"
                          />
                          <g
                            class="ant-empty-img-simple-g"
                            fill-rule="nonzero"
                          >
                            <path
                              d="M55 12.76L44.854 1.258C44.367.474 43.656 0 42.907 0H21.093c-.749 0-1.46.474-1.947 1.257L9 12.761V22h46v-9.24z"
                            />
                            <path
                              class="ant-empty-img-simple-path"
                              d="M41.613 15.931c0-1.605.994-2.93 2.227-2.931H55v18.137C55 33.26 53.68 35 52.05 35h-40.1C10.32 35 9 33.259 9 31.137V13h11.16c1.233 0 2.227 1.323 2.227 2.928v.022c0 1.605 1.005 2.901 2.237 2.901h14.752c1.232 0 2.237-1.308 2.237-2.913v-.007z"
                            />
                          </g>
                        </g>
                      </svg>
                    </div>
                    <div
                      class="ant-empty-description"
                    >
                      No Data
                    </div>
                  </div>
                </div>
              </div>
            </div>
          </div>
        </div>
      </div>
    </div>
  </div>
</div>
`;
