// Jest Snapshot v1, https://goo.gl/fbAQLP

exports[`Header component Should render correctly 1`] = `
<header
  className="Header"
>
  <div
    className="selectors"
  />
  <div
    className="menu-block"
  >
    <Popover
      content={
        <InformationContent
          githubIssueURL=""
          version=""
        />
      }
      mouseEnterDelay={0.1}
      mouseLeaveDelay={0.1}
      overlayStyle={Object {}}
      placement="bottomRight"
      title="Information"
      trigger="click"
    >
      <img
        alt="Information"
        className="ui-header-info-button"
        src="/mock/path"
      />
    </Popover>
    <Navigation
      authenticated={false}
      subApps={Array []}
    />
    <Dropdown
      mouseEnterDelay={0.15}
      mouseLeaveDelay={0.1}
      overlay={
        <Menu>
          <MenuItem>
            <p>
              A p tag
            </p>
          </MenuItem>
          <MenuItem>
            <a
              href="/somepage"
            >
              A link to some page
            </a>
          </MenuItem>
        </Menu>
      }
    >
      <a
        className="menu-dropdown ant-dropdown-link"
      >
        Mark Hamill
         
        <ForwardRef(DownOutlined) />
      </a>
    </Dropdown>
  </div>
</header>
`;
